MPLINK 5.09, LINKER
Linker Map File - Created Thu Oct 11 11:45:16 2018

                                 Section Info
                  Section       Type    Address   Location Size(Bytes)
                ---------  ---------  ---------  ---------  ---------
                   .org_0       code   0x000000    program   0x000016
                   .cinit    romdata   0x000016    program   0x000002
.config_300001_BUILD/DEFAULT/DEBUG/MAIN.O    romdata   0x300001    program   0x000001
.config_300003_BUILD/DEFAULT/DEBUG/MAIN.O    romdata   0x300003    program   0x000001



                              Program Memory Usage 
                               Start         End      
                           ---------   ---------      
                            0x000000    0x000017      
                            0x300001    0x300001      
                            0x300003    0x300003      
            26 out of 33048 program addresses used, program memory utilization is 0%



                              Symbols - Sorted by Name
                     Name    Address   Location    Storage File                     
                ---------  ---------  ---------  --------- ---------                
                  Initial   0x000000    program     static D:\MPLAB\Lab\Lab1_2 Practice.X\main.asm
                 continue   0x000012    program     static D:\MPLAB\Lab\Lab1_2 Practice.X\main.asm
                     here   0x00000c    program     static D:\MPLAB\Lab\Lab1_2 Practice.X\main.asm
                    start   0x000000    program     static D:\MPLAB\Lab\Lab1_2 Practice.X\main.asm



                              Symbols - Sorted by Address
                     Name    Address   Location    Storage File                     
                ---------  ---------  ---------  --------- ---------                
                  Initial   0x000000    program     static D:\MPLAB\Lab\Lab1_2 Practice.X\main.asm
                    start   0x000000    program     static D:\MPLAB\Lab\Lab1_2 Practice.X\main.asm
                     here   0x00000c    program     static D:\MPLAB\Lab\Lab1_2 Practice.X\main.asm
                 continue   0x000012    program     static D:\MPLAB\Lab\Lab1_2 Practice.X\main.asm


