MPLINK 5.09, LINKER
Linker Map File - Created Tue Nov 13 22:07:19 2018

                                 Section Info
                  Section       Type    Address   Location Size(Bytes)
                ---------  ---------  ---------  ---------  ---------
                   .org_0       code   0x000000    program   0x00009e
                   .cinit    romdata   0x00009e    program   0x000002
.config_300001_BUILD/DEFAULT/PRODUCTION/MAIN.O    romdata   0x300001    program   0x000001
.config_300003_BUILD/DEFAULT/PRODUCTION/MAIN.O    romdata   0x300003    program   0x000001
.config_300006_BUILD/DEFAULT/PRODUCTION/MAIN.O    romdata   0x300006    program   0x000001



                              Program Memory Usage 
                               Start         End      
                           ---------   ---------      
                            0x000000    0x00009f      
                            0x300001    0x300001      
                            0x300003    0x300003      
                            0x300006    0x300006      
            163 out of 33048 program addresses used, program memory utilization is 0%



                              Symbols - Sorted by Name
                     Name    Address   Location    Storage File                     
                ---------  ---------  ---------  --------- ---------                
                    BLINK   0x000016    program     static D:\MPLAB\Lab\Lab6.X\main.asm
            BLINK_REVERSE   0x00005a    program     static D:\MPLAB\Lab\Lab6.X\main.asm
                  INITIAL   0x000000    program     static D:\MPLAB\Lab\Lab6.X\main.asm
                  _1LOOP1   0x00003c    program     static D:\MPLAB\Lab\Lab6.X\main.asm
                  _1LOOP2   0x000038    program     static D:\MPLAB\Lab\Lab6.X\main.asm
                  _2LOOP1   0x000020    program     static D:\MPLAB\Lab\Lab6.X\main.asm
                  _2LOOP2   0x00001c    program     static D:\MPLAB\Lab\Lab6.X\main.asm
                  _3LOOP1   0x000080    program     static D:\MPLAB\Lab\Lab6.X\main.asm
                  _3LOOP2   0x00007c    program     static D:\MPLAB\Lab\Lab6.X\main.asm
                  _4LOOP1   0x000064    program     static D:\MPLAB\Lab\Lab6.X\main.asm
                  _4LOOP2   0x000060    program     static D:\MPLAB\Lab\Lab6.X\main.asm



                              Symbols - Sorted by Address
                     Name    Address   Location    Storage File                     
                ---------  ---------  ---------  --------- ---------                
                  INITIAL   0x000000    program     static D:\MPLAB\Lab\Lab6.X\main.asm
                    BLINK   0x000016    program     static D:\MPLAB\Lab\Lab6.X\main.asm
                  _2LOOP2   0x00001c    program     static D:\MPLAB\Lab\Lab6.X\main.asm
                  _2LOOP1   0x000020    program     static D:\MPLAB\Lab\Lab6.X\main.asm
                  _1LOOP2   0x000038    program     static D:\MPLAB\Lab\Lab6.X\main.asm
                  _1LOOP1   0x00003c    program     static D:\MPLAB\Lab\Lab6.X\main.asm
            BLINK_REVERSE   0x00005a    program     static D:\MPLAB\Lab\Lab6.X\main.asm
                  _4LOOP2   0x000060    program     static D:\MPLAB\Lab\Lab6.X\main.asm
                  _4LOOP1   0x000064    program     static D:\MPLAB\Lab\Lab6.X\main.asm
                  _3LOOP2   0x00007c    program     static D:\MPLAB\Lab\Lab6.X\main.asm
                  _3LOOP1   0x000080    program     static D:\MPLAB\Lab\Lab6.X\main.asm


