MPLINK 5.09, LINKER
Linker Map File - Created Thu Nov 15 15:28:50 2018

                                 Section Info
                  Section       Type    Address   Location Size(Bytes)
                ---------  ---------  ---------  ---------  ---------
                   .org_0       code   0x000000    program   0x000004
                   .cinit    romdata   0x000004    program   0x000002
                   .org_1       code   0x000008    program   0x0000a4
                    dbgP0       code   0x007dc0    program   0x000240
.config_300001_BUILD/DEFAULT/DEBUG/MAIN.O    romdata   0x300001    program   0x000001
.config_300002_BUILD/DEFAULT/DEBUG/MAIN.O    romdata   0x300002    program   0x000001
.config_300003_BUILD/DEFAULT/DEBUG/MAIN.O    romdata   0x300003    program   0x000001
.config_300005_BUILD/DEFAULT/DEBUG/MAIN.O    romdata   0x300005    program   0x000001
.config_300006_BUILD/DEFAULT/DEBUG/MAIN.O    romdata   0x300006    program   0x000001
.config_300008_BUILD/DEFAULT/DEBUG/MAIN.O    romdata   0x300008    program   0x000001
.config_300009_BUILD/DEFAULT/DEBUG/MAIN.O    romdata   0x300009    program   0x000001
.config_30000A_BUILD/DEFAULT/DEBUG/MAIN.O    romdata   0x30000a    program   0x000001
.config_30000B_BUILD/DEFAULT/DEBUG/MAIN.O    romdata   0x30000b    program   0x000001
.config_30000C_BUILD/DEFAULT/DEBUG/MAIN.O    romdata   0x30000c    program   0x000001
.config_30000D_BUILD/DEFAULT/DEBUG/MAIN.O    romdata   0x30000d    program   0x000001
                    dbgD0      udata   0x0005f4       data   0x00000c



                              Program Memory Usage 
                               Start         End      
                           ---------   ---------      
                            0x000000    0x000005      
                            0x000008    0x0000ab      
                            0x007dc0    0x007fff      
                            0x300001    0x300003      
                            0x300005    0x300006      
                            0x300008    0x30000d      
            757 out of 33048 program addresses used, program memory utilization is 2%



                              Symbols - Sorted by Name
                     Name    Address   Location    Storage File                     
                ---------  ---------  ---------  --------- ---------                
                      ISR   0x000004    program     static D:\MPLAB\Lab\Lab7.X\main.asm
                  Initial   0x000092    program     static D:\MPLAB\Lab\Lab7.X\main.asm
                     Main   0x0000a8    program     static D:\MPLAB\Lab\Lab7.X\main.asm
                      _1E   0x00008e    program     static D:\MPLAB\Lab\Lab7.X\main.asm
                  _2LOOP1   0x000018    program     static D:\MPLAB\Lab\Lab7.X\main.asm
                  _2LOOP2   0x000014    program     static D:\MPLAB\Lab\Lab7.X\main.asm
                  _3LOOP1   0x000038    program     static D:\MPLAB\Lab\Lab7.X\main.asm
                  _3LOOP2   0x000034    program     static D:\MPLAB\Lab\Lab7.X\main.asm
                  _4LOOP1   0x000058    program     static D:\MPLAB\Lab\Lab7.X\main.asm
                  _4LOOP2   0x000054    program     static D:\MPLAB\Lab\Lab7.X\main.asm
                  _5LOOP1   0x000078    program     static D:\MPLAB\Lab\Lab7.X\main.asm
                  _5LOOP2   0x000074    program     static D:\MPLAB\Lab\Lab7.X\main.asm



                              Symbols - Sorted by Address
                     Name    Address   Location    Storage File                     
                ---------  ---------  ---------  --------- ---------                
                      ISR   0x000004    program     static D:\MPLAB\Lab\Lab7.X\main.asm
                  _2LOOP2   0x000014    program     static D:\MPLAB\Lab\Lab7.X\main.asm
                  _2LOOP1   0x000018    program     static D:\MPLAB\Lab\Lab7.X\main.asm
                  _3LOOP2   0x000034    program     static D:\MPLAB\Lab\Lab7.X\main.asm
                  _3LOOP1   0x000038    program     static D:\MPLAB\Lab\Lab7.X\main.asm
                  _4LOOP2   0x000054    program     static D:\MPLAB\Lab\Lab7.X\main.asm
                  _4LOOP1   0x000058    program     static D:\MPLAB\Lab\Lab7.X\main.asm
                  _5LOOP2   0x000074    program     static D:\MPLAB\Lab\Lab7.X\main.asm
                  _5LOOP1   0x000078    program     static D:\MPLAB\Lab\Lab7.X\main.asm
                      _1E   0x00008e    program     static D:\MPLAB\Lab\Lab7.X\main.asm
                  Initial   0x000092    program     static D:\MPLAB\Lab\Lab7.X\main.asm
                     Main   0x0000a8    program     static D:\MPLAB\Lab\Lab7.X\main.asm


