MPLINK 5.09, LINKER
Linker Map File - Created Wed Oct 03 01:24:13 2018

                                 Section Info
                  Section       Type    Address   Location Size(Bytes)
                ---------  ---------  ---------  ---------  ---------
                   .org_0       code   0x000000    program   0x000016
                   .cinit    romdata   0x000016    program   0x000002
.config_300001_BUILD/DEFAULT/DEBUG/PRACTICE.O    romdata   0x300001    program   0x000001
.config_300003_BUILD/DEFAULT/DEBUG/PRACTICE.O    romdata   0x300003    program   0x000001



                              Program Memory Usage 
                               Start         End      
                           ---------   ---------      
                            0x000000    0x000017      
                            0x300001    0x300001      
                            0x300003    0x300003      
            26 out of 33048 program addresses used, program memory utilization is 0%



                              Symbols - Sorted by Name
                     Name    Address   Location    Storage File                     
                ---------  ---------  ---------  --------- ---------                
                  Initial   0x000000    program     static D:\MPLAB\Lab\Lab2.X\practice.asm
                 continue   0x000012    program     static D:\MPLAB\Lab\Lab2.X\practice.asm
                     here   0x00000c    program     static D:\MPLAB\Lab\Lab2.X\practice.asm
                    start   0x000000    program     static D:\MPLAB\Lab\Lab2.X\practice.asm



                              Symbols - Sorted by Address
                     Name    Address   Location    Storage File                     
                ---------  ---------  ---------  --------- ---------                
                  Initial   0x000000    program     static D:\MPLAB\Lab\Lab2.X\practice.asm
                    start   0x000000    program     static D:\MPLAB\Lab\Lab2.X\practice.asm
                     here   0x00000c    program     static D:\MPLAB\Lab\Lab2.X\practice.asm
                 continue   0x000012    program     static D:\MPLAB\Lab\Lab2.X\practice.asm


