MPLINK 5.09, LINKER
Linker Map File - Created Thu Oct 25 16:31:22 2018

                                 Section Info
                  Section       Type    Address   Location Size(Bytes)
                ---------  ---------  ---------  ---------  ---------
                   .org_0       code   0x000000    program   0x000056
                   .cinit    romdata   0x000056    program   0x000002
.config_300001_BUILD/DEFAULT/PRODUCTION/MAIN_4-    romdata   0x300001    program   0x000001
.config_300003_BUILD/DEFAULT/PRODUCTION/MAIN_4-    romdata   0x300003    program   0x000001



                              Program Memory Usage 
                               Start         End      
                           ---------   ---------      
                            0x000000    0x000057      
                            0x300001    0x300001      
                            0x300003    0x300003      
            90 out of 33048 program addresses used, program memory utilization is 0%



                              Symbols - Sorted by Name
                     Name    Address   Location    Storage File                     
                ---------  ---------  ---------  --------- ---------                
                     Init   0x000000    program     static D:\MPLAB\Lab\Lab4.X\main_4-2.asm
                     Main   0x000018    program     static D:\MPLAB\Lab\Lab4.X\main_4-2.asm
                  Return0   0x000056    program     static D:\MPLAB\Lab\Lab4.X\main_4-2.asm
                   mclear   0x000030    program     static D:\MPLAB\Lab\Lab4.X\main_4-2.asm



                              Symbols - Sorted by Address
                     Name    Address   Location    Storage File                     
                ---------  ---------  ---------  --------- ---------                
                     Init   0x000000    program     static D:\MPLAB\Lab\Lab4.X\main_4-2.asm
                     Main   0x000018    program     static D:\MPLAB\Lab\Lab4.X\main_4-2.asm
                   mclear   0x000030    program     static D:\MPLAB\Lab\Lab4.X\main_4-2.asm
                  Return0   0x000056    program     static D:\MPLAB\Lab\Lab4.X\main_4-2.asm


