MPLINK 5.09, LINKER
Linker Map File - Created Thu Oct 18 00:09:15 2018

                                 Section Info
                  Section       Type    Address   Location Size(Bytes)
                ---------  ---------  ---------  ---------  ---------
                   .org_0       code   0x000000    program   0x000024
                   .cinit    romdata   0x000024    program   0x000002
.config_300001_BUILD/DEFAULT/DEBUG/MAIN.O    romdata   0x300001    program   0x000001
.config_300003_BUILD/DEFAULT/DEBUG/MAIN.O    romdata   0x300003    program   0x000001



                              Program Memory Usage 
                               Start         End      
                           ---------   ---------      
                            0x000000    0x000025      
                            0x300001    0x300001      
                            0x300003    0x300003      
            40 out of 33048 program addresses used, program memory utilization is 0%



                              Symbols - Sorted by Name
                     Name    Address   Location    Storage File                     
                ---------  ---------  ---------  --------- ---------                
                     Init   0x000000    program     static D:\MPLAB\Lab\Lab3_2.X\main.asm
                       Q2   0x00000e    program     static D:\MPLAB\Lab\Lab3_2.X\main.asm
                       Q3   0x00001c    program     static D:\MPLAB\Lab\Lab3_2.X\main.asm
                    Start   0x000006    program     static D:\MPLAB\Lab\Lab3_2.X\main.asm



                              Symbols - Sorted by Address
                     Name    Address   Location    Storage File                     
                ---------  ---------  ---------  --------- ---------                
                     Init   0x000000    program     static D:\MPLAB\Lab\Lab3_2.X\main.asm
                    Start   0x000006    program     static D:\MPLAB\Lab\Lab3_2.X\main.asm
                       Q2   0x00000e    program     static D:\MPLAB\Lab\Lab3_2.X\main.asm
                       Q3   0x00001c    program     static D:\MPLAB\Lab\Lab3_2.X\main.asm


