MPLINK 5.09, LINKER
Linker Map File - Created Thu Oct 18 15:29:09 2018

                                 Section Info
                  Section       Type    Address   Location Size(Bytes)
                ---------  ---------  ---------  ---------  ---------
                   .org_0       code   0x000000    program   0x00002a
                   .cinit    romdata   0x00002a    program   0x000002
.config_300001_BUILD/DEFAULT/DEBUG/MAIN.O    romdata   0x300001    program   0x000001
.config_300003_BUILD/DEFAULT/DEBUG/MAIN.O    romdata   0x300003    program   0x000001



                              Program Memory Usage 
                               Start         End      
                           ---------   ---------      
                            0x000000    0x00002b      
                            0x300001    0x300001      
                            0x300003    0x300003      
            46 out of 33048 program addresses used, program memory utilization is 0%



                              Symbols - Sorted by Name
                     Name    Address   Location    Storage File                     
                ---------  ---------  ---------  --------- ---------                
                     Init   0x000000    program     static D:\MPLAB\Lab\Lab3_2.X\main.asm
                  Initial   0x000018    program     static D:\MPLAB\Lab\Lab3_2.X\main.asm
                   Rotate   0x000022    program     static D:\MPLAB\Lab\Lab3_2.X\main.asm
                    Start   0x000006    program     static D:\MPLAB\Lab\Lab3_2.X\main.asm



                              Symbols - Sorted by Address
                     Name    Address   Location    Storage File                     
                ---------  ---------  ---------  --------- ---------                
                     Init   0x000000    program     static D:\MPLAB\Lab\Lab3_2.X\main.asm
                    Start   0x000006    program     static D:\MPLAB\Lab\Lab3_2.X\main.asm
                  Initial   0x000018    program     static D:\MPLAB\Lab\Lab3_2.X\main.asm
                   Rotate   0x000022    program     static D:\MPLAB\Lab\Lab3_2.X\main.asm


