MPLINK 5.09, LINKER
Linker Map File - Created Thu Dec 06 16:49:17 2018

                                 Section Info
                  Section       Type    Address   Location Size(Bytes)
                ---------  ---------  ---------  ---------  ---------
                   .org_0       code   0x000000    program   0x000002
                   .cinit    romdata   0x000002    program   0x000002
                   .org_1       code   0x000008    program   0x0000ae
.config_300001_BUILD/DEFAULT/PRODUCTION/MAIN.O    romdata   0x300001    program   0x000001
.config_300002_BUILD/DEFAULT/PRODUCTION/MAIN.O    romdata   0x300002    program   0x000001
.config_300003_BUILD/DEFAULT/PRODUCTION/MAIN.O    romdata   0x300003    program   0x000001
.config_300005_BUILD/DEFAULT/PRODUCTION/MAIN.O    romdata   0x300005    program   0x000001
.config_300006_BUILD/DEFAULT/PRODUCTION/MAIN.O    romdata   0x300006    program   0x000001
.config_300008_BUILD/DEFAULT/PRODUCTION/MAIN.O    romdata   0x300008    program   0x000001
.config_300009_BUILD/DEFAULT/PRODUCTION/MAIN.O    romdata   0x300009    program   0x000001
.config_30000A_BUILD/DEFAULT/PRODUCTION/MAIN.O    romdata   0x30000a    program   0x000001
.config_30000B_BUILD/DEFAULT/PRODUCTION/MAIN.O    romdata   0x30000b    program   0x000001
.config_30000C_BUILD/DEFAULT/PRODUCTION/MAIN.O    romdata   0x30000c    program   0x000001
.config_30000D_BUILD/DEFAULT/PRODUCTION/MAIN.O    romdata   0x30000d    program   0x000001



                              Program Memory Usage 
                               Start         End      
                           ---------   ---------      
                            0x000000    0x000003      
                            0x000008    0x0000b5      
                            0x300001    0x300003      
                            0x300005    0x300006      
                            0x300008    0x30000d      
            189 out of 33048 program addresses used, program memory utilization is 0%



                              Symbols - Sorted by Name
                     Name    Address   Location    Storage File                     
                ---------  ---------  ---------  --------- ---------                
                     BACK   0x000038    program     static D:\MPLAB\Lab\Lab9.X\main.asm
                      DEL   0x000054    program     static D:\MPLAB\Lab\Lab9.X\main.asm
                      GGO   0x000028    program     static D:\MPLAB\Lab\Lab9.X\main.asm
                      ISR   0x00000a    program     static D:\MPLAB\Lab\Lab9.X\main.asm
                     Init   0x000072    program     static D:\MPLAB\Lab\Lab9.X\main.asm
                     Main   0x0000b2    program     static D:\MPLAB\Lab\Lab9.X\main.asm
                      RUN   0x000012    program     static D:\MPLAB\Lab\Lab9.X\main.asm
                    SET01   0x000042    program     static D:\MPLAB\Lab\Lab9.X\main.asm
                    SET10   0x000048    program     static D:\MPLAB\Lab\Lab9.X\main.asm
                    SET11   0x00004e    program     static D:\MPLAB\Lab\Lab9.X\main.asm
                     STOP   0x0000b6    program     static D:\MPLAB\Lab\Lab9.X\main.asm
                  _1LOOP1   0x00005c    program     static D:\MPLAB\Lab\Lab9.X\main.asm
                  _1LOOP2   0x000058    program     static D:\MPLAB\Lab\Lab9.X\main.asm



                              Symbols - Sorted by Address
                     Name    Address   Location    Storage File                     
                ---------  ---------  ---------  --------- ---------                
                      ISR   0x00000a    program     static D:\MPLAB\Lab\Lab9.X\main.asm
                      RUN   0x000012    program     static D:\MPLAB\Lab\Lab9.X\main.asm
                      GGO   0x000028    program     static D:\MPLAB\Lab\Lab9.X\main.asm
                     BACK   0x000038    program     static D:\MPLAB\Lab\Lab9.X\main.asm
                    SET01   0x000042    program     static D:\MPLAB\Lab\Lab9.X\main.asm
                    SET10   0x000048    program     static D:\MPLAB\Lab\Lab9.X\main.asm
                    SET11   0x00004e    program     static D:\MPLAB\Lab\Lab9.X\main.asm
                      DEL   0x000054    program     static D:\MPLAB\Lab\Lab9.X\main.asm
                  _1LOOP2   0x000058    program     static D:\MPLAB\Lab\Lab9.X\main.asm
                  _1LOOP1   0x00005c    program     static D:\MPLAB\Lab\Lab9.X\main.asm
                     Init   0x000072    program     static D:\MPLAB\Lab\Lab9.X\main.asm
                     Main   0x0000b2    program     static D:\MPLAB\Lab\Lab9.X\main.asm
                     STOP   0x0000b6    program     static D:\MPLAB\Lab\Lab9.X\main.asm


